// Vitest Snapshot v1, https://vitest.dev/guide/snapshot.html

exports[`Hero > matches the snapshot 1`] = `
<body>
  <div>
    <section
      class="_hero_9c53a6"
      id="top"
    >
      <div
        class="shell"
      >
        <div
          class="_eyebrow_9c53a6"
        >
          <span
            class="_dot_9c53a6"
          />
          <span>
            Disponible pour un nouveau projet
          </span>
        </div>
        <h1
          class="_h1_9c53a6"
        >
          Kevin
          <br />
          <em>
            Bosc
          </em>
           — Frontend
          <br />
          React engineer.
        </h1>
        <p
          class="_sub_9c53a6"
        >
          Je construis des interfaces solides, testées, et livrées.
           Je code, je teste, je documente, je livre. Plateformes critiques, accessibilité, performances — terrain de jeu quotidien.
        </p>
        <div
          class="_meta_9c53a6"
        >
          <span>
            <svg
              fill="none"
              stroke="currentColor"
              stroke-width="2"
              viewBox="0 0 24 24"
            >
              <path
                d="M12 22s-8-9-8-13a8 8 0 1 1 16 0c0 4-8 13-8 13z"
              />
              <circle
                cx="12"
                cy="9"
                r="3"
              />
            </svg>
            Paris, FR
          </span>
          <span>
            <svg
              fill="none"
              stroke="currentColor"
              stroke-width="2"
              viewBox="0 0 24 24"
            >
              <rect
                height="14"
                rx="2"
                width="20"
                x="2"
                y="5"
              />
              <path
                d="m2 7 10 6 10-6"
              />
            </svg>
            bosc.kev@gmail.com
          </span>
          <span>
            <svg
              fill="none"
              stroke="currentColor"
              stroke-width="2"
              viewBox="0 0 24 24"
            >
              <path
                d="M12 2a10 10 0 1 0 10 10"
              />
              <path
                d="M12 2v10l7 3"
              />
            </svg>
            5+ ans · React
          </span>
        </div>
      </div>
    </section>
  </div>
</body>
`;
